Analysis & Synthesis report for MEM
Thu Jun 27 19:20:31 2019
Quartus II 64-Bit Version 13.0.0 Build 156 04/24/2013 SJ Web Edition


---------------------
; Table of Contents ;
---------------------
  1. Legal Notice
  2. Analysis & Synthesis Summary
  3. Analysis & Synthesis Settings
  4. Parallel Compilation
  5. Analysis & Synthesis Source Files Read
  6. Analysis & Synthesis Resource Usage Summary
  7. Analysis & Synthesis Resource Utilization by Entity
  8. General Register Statistics
  9. Parameter Settings for User Entity Instance: celula:CEL00
 10. Parameter Settings for User Entity Instance: celula:CEL01
 11. Parameter Settings for User Entity Instance: celula:CEL02
 12. Parameter Settings for User Entity Instance: celula:CEL03
 13. Parameter Settings for User Entity Instance: celula:CEL04
 14. Parameter Settings for User Entity Instance: celula:CEL05
 15. Parameter Settings for User Entity Instance: celula:CEL06
 16. Parameter Settings for User Entity Instance: celula:CEL07
 17. Parameter Settings for User Entity Instance: celula:CEL08
 18. Parameter Settings for User Entity Instance: celula:CEL09
 19. Parameter Settings for User Entity Instance: celula:CEL10
 20. Parameter Settings for User Entity Instance: celula:CEL11
 21. Parameter Settings for User Entity Instance: celula:CEL12
 22. Parameter Settings for User Entity Instance: celula:CEL13
 23. Parameter Settings for User Entity Instance: celula:CEL14
 24. Parameter Settings for User Entity Instance: celula:CEL15
 25. Port Connectivity Checks: "celula:CEL15"
 26. Port Connectivity Checks: "celula:CEL14"
 27. Port Connectivity Checks: "celula:CEL13"
 28. Port Connectivity Checks: "celula:CEL12"
 29. Port Connectivity Checks: "celula:CEL11"
 30. Port Connectivity Checks: "celula:CEL10"
 31. Port Connectivity Checks: "celula:CEL09"
 32. Port Connectivity Checks: "celula:CEL08"
 33. Port Connectivity Checks: "celula:CEL07"
 34. Port Connectivity Checks: "celula:CEL06"
 35. Port Connectivity Checks: "celula:CEL05"
 36. Port Connectivity Checks: "celula:CEL04"
 37. Port Connectivity Checks: "celula:CEL03"
 38. Port Connectivity Checks: "celula:CEL02"
 39. Port Connectivity Checks: "celula:CEL01"
 40. Port Connectivity Checks: "celula:CEL00|flipFlopJK2:\FOR01:7:cont1"
 41. Port Connectivity Checks: "celula:CEL00|flipFlopJK2:\FOR01:6:cont1"
 42. Port Connectivity Checks: "celula:CEL00|flipFlopJK2:\FOR01:5:cont1"
 43. Port Connectivity Checks: "celula:CEL00|flipFlopJK2:\FOR01:4:cont1"
 44. Port Connectivity Checks: "celula:CEL00|flipFlopJK2:\FOR01:3:cont1"
 45. Port Connectivity Checks: "celula:CEL00|flipFlopJK2:\FOR01:2:cont1"
 46. Port Connectivity Checks: "celula:CEL00|flipFlopJK2:\FOR01:1:cont1"
 47. Port Connectivity Checks: "celula:CEL00|flipFlopJK2:\FOR01:0:cont1"
 48. Port Connectivity Checks: "celula:CEL00"
 49. Elapsed Time Per Partition
 50. Analysis & Synthesis Messages



----------------
; Legal Notice ;
----------------
Copyright (C) 1991-2013 Altera Corporation
Your use of Altera Corporation's design tools, logic functions 
and other software and tools, and its AMPP partner logic 
functions, and any output files from any of the foregoing 
(including device programming or simulation files), and any 
associated documentation or information are expressly subject 
to the terms and conditions of the Altera Program License 
Subscription Agreement, Altera MegaCore Function License 
Agreement, or other applicable license agreement, including, 
without limitation, that your use is for the sole purpose of 
programming logic devices manufactured by Altera and sold by 
Altera or its authorized distributors.  Please refer to the 
applicable agreement for further details.



+---------------------------------------------------------------------------------+
; Analysis & Synthesis Summary                                                    ;
+------------------------------------+--------------------------------------------+
; Analysis & Synthesis Status        ; Successful - Thu Jun 27 19:20:31 2019      ;
; Quartus II 64-Bit Version          ; 13.0.0 Build 156 04/24/2013 SJ Web Edition ;
; Revision Name                      ; MEM                                        ;
; Top-level Entity Name              ; memoria                                    ;
; Family                             ; Cyclone II                                 ;
; Total logic elements               ; 376                                        ;
;     Total combinational functions  ; 248                                        ;
;     Dedicated logic registers      ; 128                                        ;
; Total registers                    ; 128                                        ;
; Total pins                         ; 26                                         ;
; Total virtual pins                 ; 0                                          ;
; Total memory bits                  ; 0                                          ;
; Embedded Multiplier 9-bit elements ; 0                                          ;
; Total PLLs                         ; 0                                          ;
+------------------------------------+--------------------------------------------+


+----------------------------------------------------------------------------------------------------------------------+
; Analysis & Synthesis Settings                                                                                        ;
+----------------------------------------------------------------------------+--------------------+--------------------+
; Option                                                                     ; Setting            ; Default Value      ;
+----------------------------------------------------------------------------+--------------------+--------------------+
; Device                                                                     ; EP2C35F672C6       ;                    ;
; Top-level entity name                                                      ; memoria            ; MEM                ;
; Family name                                                                ; Cyclone II         ; Cyclone IV GX      ;
; Use smart compilation                                                      ; Off                ; Off                ;
; Enable parallel Assembler and TimeQuest Timing Analyzer during compilation ; On                 ; On                 ;
; Enable compact report table                                                ; Off                ; Off                ;
; Restructure Multiplexers                                                   ; Auto               ; Auto               ;
; Create Debugging Nodes for IP Cores                                        ; Off                ; Off                ;
; Preserve fewer node names                                                  ; On                 ; On                 ;
; Disable OpenCore Plus hardware evaluation                                  ; Off                ; Off                ;
; Verilog Version                                                            ; Verilog_2001       ; Verilog_2001       ;
; VHDL Version                                                               ; VHDL_1993          ; VHDL_1993          ;
; State Machine Processing                                                   ; Auto               ; Auto               ;
; Safe State Machine                                                         ; Off                ; Off                ;
; Extract Verilog State Machines                                             ; On                 ; On                 ;
; Extract VHDL State Machines                                                ; On                 ; On                 ;
; Ignore Verilog initial constructs                                          ; Off                ; Off                ;
; Iteration limit for constant Verilog loops                                 ; 5000               ; 5000               ;
; Iteration limit for non-constant Verilog loops                             ; 250                ; 250                ;
; Add Pass-Through Logic to Inferred RAMs                                    ; On                 ; On                 ;
; Infer RAMs from Raw Logic                                                  ; On                 ; On                 ;
; Parallel Synthesis                                                         ; On                 ; On                 ;
; DSP Block Balancing                                                        ; Auto               ; Auto               ;
; NOT Gate Push-Back                                                         ; On                 ; On                 ;
; Power-Up Don't Care                                                        ; On                 ; On                 ;
; Remove Redundant Logic Cells                                               ; Off                ; Off                ;
; Remove Duplicate Registers                                                 ; On                 ; On                 ;
; Ignore CARRY Buffers                                                       ; Off                ; Off                ;
; Ignore CASCADE Buffers                                                     ; Off                ; Off                ;
; Ignore GLOBAL Buffers                                                      ; Off                ; Off                ;
; Ignore ROW GLOBAL Buffers                                                  ; Off                ; Off                ;
; Ignore LCELL Buffers                                                       ; Off                ; Off                ;
; Ignore SOFT Buffers                                                        ; On                 ; On                 ;
; Limit AHDL Integers to 32 Bits                                             ; Off                ; Off                ;
; Optimization Technique                                                     ; Balanced           ; Balanced           ;
; Carry Chain Length                                                         ; 70                 ; 70                 ;
; Auto Carry Chains                                                          ; On                 ; On                 ;
; Auto Open-Drain Pins                                                       ; On                 ; On                 ;
; Perform WYSIWYG Primitive Resynthesis                                      ; Off                ; Off                ;
; Auto ROM Replacement                                                       ; On                 ; On                 ;
; Auto RAM Replacement                                                       ; On                 ; On                 ;
; Auto Shift Register Replacement                                            ; Auto               ; Auto               ;
; Allow Shift Register Merging across Hierarchies                            ; Auto               ; Auto               ;
; Auto Clock Enable Replacement                                              ; On                 ; On                 ;
; Strict RAM Replacement                                                     ; Off                ; Off                ;
; Allow Synchronous Control Signals                                          ; On                 ; On                 ;
; Force Use of Synchronous Clear Signals                                     ; Off                ; Off                ;
; Auto RAM to Logic Cell Conversion                                          ; Off                ; Off                ;
; Auto Resource Sharing                                                      ; Off                ; Off                ;
; Allow Any RAM Size For Recognition                                         ; Off                ; Off                ;
; Allow Any ROM Size For Recognition                                         ; Off                ; Off                ;
; Allow Any Shift Register Size For Recognition                              ; Off                ; Off                ;
; Use LogicLock Constraints during Resource Balancing                        ; On                 ; On                 ;
; Ignore translate_off and synthesis_off directives                          ; Off                ; Off                ;
; Timing-Driven Synthesis                                                    ; Off                ; Off                ;
; Report Parameter Settings                                                  ; On                 ; On                 ;
; Report Source Assignments                                                  ; On                 ; On                 ;
; Report Connectivity Checks                                                 ; On                 ; On                 ;
; Ignore Maximum Fan-Out Assignments                                         ; Off                ; Off                ;
; Synchronization Register Chain Length                                      ; 2                  ; 2                  ;
; PowerPlay Power Optimization                                               ; Normal compilation ; Normal compilation ;
; HDL message level                                                          ; Level2             ; Level2             ;
; Suppress Register Optimization Related Messages                            ; Off                ; Off                ;
; Number of Removed Registers Reported in Synthesis Report                   ; 5000               ; 5000               ;
; Number of Swept Nodes Reported in Synthesis Report                         ; 5000               ; 5000               ;
; Number of Inverted Registers Reported in Synthesis Report                  ; 100                ; 100                ;
; Clock MUX Protection                                                       ; On                 ; On                 ;
; Auto Gated Clock Conversion                                                ; Off                ; Off                ;
; Block Design Naming                                                        ; Auto               ; Auto               ;
; SDC constraint protection                                                  ; Off                ; Off                ;
; Synthesis Effort                                                           ; Auto               ; Auto               ;
; Shift Register Replacement - Allow Asynchronous Clear Signal               ; On                 ; On                 ;
; Pre-Mapping Resynthesis Optimization                                       ; Off                ; Off                ;
; Analysis & Synthesis Message Level                                         ; Medium             ; Medium             ;
; Disable Register Merging Across Hierarchies                                ; Auto               ; Auto               ;
; Resource Aware Inference For Block RAM                                     ; On                 ; On                 ;
; Synthesis Seed                                                             ; 1                  ; 1                  ;
+----------------------------------------------------------------------------+--------------------+--------------------+


Parallel compilation was disabled, but you have multiple processors available. Enable parallel compilation to reduce compilation time.
+-------------------------------------+
; Parallel Compilation                ;
+----------------------------+--------+
; Processors                 ; Number ;
+----------------------------+--------+
; Number detected on machine ; 8      ;
; Maximum allowed            ; 1      ;
+----------------------------+--------+


+--------------------------------------------------------------------------------------------------------------------------------------------------------------+
; Analysis & Synthesis Source Files Read                                                                                                                       ;
+----------------------------------+-----------------+-----------------+-----------------------------------------------------------------------------+---------+
; File Name with User-Entered Path ; Used in Netlist ; File Type       ; File Name with Absolute Path                                                ; Library ;
+----------------------------------+-----------------+-----------------+-----------------------------------------------------------------------------+---------+
; memoria.vhd                      ; yes             ; User VHDL File  ; C:/Users/thaty/Desktop/ProjetoCircuitosDigitais/NEANDER/MEM/memoria.vhd     ;         ;
; celula.vhd                       ; yes             ; User VHDL File  ; C:/Users/thaty/Desktop/ProjetoCircuitosDigitais/NEANDER/MEM/celula.vhd      ;         ;
; flipFlopJK2.vhd                  ; yes             ; User VHDL File  ; C:/Users/thaty/Desktop/ProjetoCircuitosDigitais/NEANDER/MEM/flipFlopJK2.vhd ;         ;
+----------------------------------+-----------------+-----------------+-----------------------------------------------------------------------------+---------+


+-----------------------------------------------------+
; Analysis & Synthesis Resource Usage Summary         ;
+---------------------------------------------+-------+
; Resource                                    ; Usage ;
+---------------------------------------------+-------+
; Estimated Total logic elements              ; 376   ;
;                                             ;       ;
; Total combinational functions               ; 248   ;
; Logic element usage by number of LUT inputs ;       ;
;     -- 4 input functions                    ; 96    ;
;     -- 3 input functions                    ; 0     ;
;     -- <=2 input functions                  ; 152   ;
;                                             ;       ;
; Logic elements by mode                      ;       ;
;     -- normal mode                          ; 248   ;
;     -- arithmetic mode                      ; 0     ;
;                                             ;       ;
; Total registers                             ; 128   ;
;     -- Dedicated logic registers            ; 128   ;
;     -- I/O registers                        ; 0     ;
;                                             ;       ;
; I/O pins                                    ; 26    ;
; Embedded Multiplier 9-bit elements          ; 0     ;
; Maximum fan-out node                        ; rw    ;
; Maximum fan-out                             ; 144   ;
; Total fan-out                               ; 1080  ;
; Average fan-out                             ; 2.69  ;
+---------------------------------------------+-------+


+------------------------------------------------------------------------------------------------------------------------------------------------------------------------------------------------------------------+
; Analysis & Synthesis Resource Utilization by Entity                                                                                                                                                              ;
+------------------------------------+-------------------+--------------+-------------+--------------+---------+-----------+------+--------------+--------------------------------------------------+--------------+
; Compilation Hierarchy Node         ; LC Combinationals ; LC Registers ; Memory Bits ; DSP Elements ; DSP 9x9 ; DSP 18x18 ; Pins ; Virtual Pins ; Full Hierarchy Name                              ; Library Name ;
+------------------------------------+-------------------+--------------+-------------+--------------+---------+-----------+------+--------------+--------------------------------------------------+--------------+
; |memoria                           ; 248 (88)          ; 128 (0)      ; 0           ; 0            ; 0       ; 0         ; 26   ; 0            ; |memoria                                         ;              ;
;    |celula:CEL00|                  ; 10 (10)           ; 8 (0)        ; 0           ; 0            ; 0       ; 0         ; 0    ; 0            ; |memoria|celula:CEL00                            ;              ;
;       |flipFlopJK2:\FOR01:0:cont1| ; 0 (0)             ; 1 (1)        ; 0           ; 0            ; 0       ; 0         ; 0    ; 0            ; |memoria|celula:CEL00|flipFlopJK2:\FOR01:0:cont1 ;              ;
;       |flipFlopJK2:\FOR01:1:cont1| ; 0 (0)             ; 1 (1)        ; 0           ; 0            ; 0       ; 0         ; 0    ; 0            ; |memoria|celula:CEL00|flipFlopJK2:\FOR01:1:cont1 ;              ;
;       |flipFlopJK2:\FOR01:2:cont1| ; 0 (0)             ; 1 (1)        ; 0           ; 0            ; 0       ; 0         ; 0    ; 0            ; |memoria|celula:CEL00|flipFlopJK2:\FOR01:2:cont1 ;              ;
;       |flipFlopJK2:\FOR01:3:cont1| ; 0 (0)             ; 1 (1)        ; 0           ; 0            ; 0       ; 0         ; 0    ; 0            ; |memoria|celula:CEL00|flipFlopJK2:\FOR01:3:cont1 ;              ;
;       |flipFlopJK2:\FOR01:4:cont1| ; 0 (0)             ; 1 (1)        ; 0           ; 0            ; 0       ; 0         ; 0    ; 0            ; |memoria|celula:CEL00|flipFlopJK2:\FOR01:4:cont1 ;              ;
;       |flipFlopJK2:\FOR01:5:cont1| ; 0 (0)             ; 1 (1)        ; 0           ; 0            ; 0       ; 0         ; 0    ; 0            ; |memoria|celula:CEL00|flipFlopJK2:\FOR01:5:cont1 ;              ;
;       |flipFlopJK2:\FOR01:6:cont1| ; 0 (0)             ; 1 (1)        ; 0           ; 0            ; 0       ; 0         ; 0    ; 0            ; |memoria|celula:CEL00|flipFlopJK2:\FOR01:6:cont1 ;              ;
;       |flipFlopJK2:\FOR01:7:cont1| ; 0 (0)             ; 1 (1)        ; 0           ; 0            ; 0       ; 0         ; 0    ; 0            ; |memoria|celula:CEL00|flipFlopJK2:\FOR01:7:cont1 ;              ;
;    |celula:CEL01|                  ; 10 (10)           ; 8 (0)        ; 0           ; 0            ; 0       ; 0         ; 0    ; 0            ; |memoria|celula:CEL01                            ;              ;
;       |flipFlopJK2:\FOR01:0:cont1| ; 0 (0)             ; 1 (1)        ; 0           ; 0            ; 0       ; 0         ; 0    ; 0            ; |memoria|celula:CEL01|flipFlopJK2:\FOR01:0:cont1 ;              ;
;       |flipFlopJK2:\FOR01:1:cont1| ; 0 (0)             ; 1 (1)        ; 0           ; 0            ; 0       ; 0         ; 0    ; 0            ; |memoria|celula:CEL01|flipFlopJK2:\FOR01:1:cont1 ;              ;
;       |flipFlopJK2:\FOR01:2:cont1| ; 0 (0)             ; 1 (1)        ; 0           ; 0            ; 0       ; 0         ; 0    ; 0            ; |memoria|celula:CEL01|flipFlopJK2:\FOR01:2:cont1 ;              ;
;       |flipFlopJK2:\FOR01:3:cont1| ; 0 (0)             ; 1 (1)        ; 0           ; 0            ; 0       ; 0         ; 0    ; 0            ; |memoria|celula:CEL01|flipFlopJK2:\FOR01:3:cont1 ;              ;
;       |flipFlopJK2:\FOR01:4:cont1| ; 0 (0)             ; 1 (1)        ; 0           ; 0            ; 0       ; 0         ; 0    ; 0            ; |memoria|celula:CEL01|flipFlopJK2:\FOR01:4:cont1 ;              ;
;       |flipFlopJK2:\FOR01:5:cont1| ; 0 (0)             ; 1 (1)        ; 0           ; 0            ; 0       ; 0         ; 0    ; 0            ; |memoria|celula:CEL01|flipFlopJK2:\FOR01:5:cont1 ;              ;
;       |flipFlopJK2:\FOR01:6:cont1| ; 0 (0)             ; 1 (1)        ; 0           ; 0            ; 0       ; 0         ; 0    ; 0            ; |memoria|celula:CEL01|flipFlopJK2:\FOR01:6:cont1 ;              ;
;       |flipFlopJK2:\FOR01:7:cont1| ; 0 (0)             ; 1 (1)        ; 0           ; 0            ; 0       ; 0         ; 0    ; 0            ; |memoria|celula:CEL01|flipFlopJK2:\FOR01:7:cont1 ;              ;
;    |celula:CEL02|                  ; 10 (10)           ; 8 (0)        ; 0           ; 0            ; 0       ; 0         ; 0    ; 0            ; |memoria|celula:CEL02                            ;              ;
;       |flipFlopJK2:\FOR01:0:cont1| ; 0 (0)             ; 1 (1)        ; 0           ; 0            ; 0       ; 0         ; 0    ; 0            ; |memoria|celula:CEL02|flipFlopJK2:\FOR01:0:cont1 ;              ;
;       |flipFlopJK2:\FOR01:1:cont1| ; 0 (0)             ; 1 (1)        ; 0           ; 0            ; 0       ; 0         ; 0    ; 0            ; |memoria|celula:CEL02|flipFlopJK2:\FOR01:1:cont1 ;              ;
;       |flipFlopJK2:\FOR01:2:cont1| ; 0 (0)             ; 1 (1)        ; 0           ; 0            ; 0       ; 0         ; 0    ; 0            ; |memoria|celula:CEL02|flipFlopJK2:\FOR01:2:cont1 ;              ;
;       |flipFlopJK2:\FOR01:3:cont1| ; 0 (0)             ; 1 (1)        ; 0           ; 0            ; 0       ; 0         ; 0    ; 0            ; |memoria|celula:CEL02|flipFlopJK2:\FOR01:3:cont1 ;              ;
;       |flipFlopJK2:\FOR01:4:cont1| ; 0 (0)             ; 1 (1)        ; 0           ; 0            ; 0       ; 0         ; 0    ; 0            ; |memoria|celula:CEL02|flipFlopJK2:\FOR01:4:cont1 ;              ;
;       |flipFlopJK2:\FOR01:5:cont1| ; 0 (0)             ; 1 (1)        ; 0           ; 0            ; 0       ; 0         ; 0    ; 0            ; |memoria|celula:CEL02|flipFlopJK2:\FOR01:5:cont1 ;              ;
;       |flipFlopJK2:\FOR01:6:cont1| ; 0 (0)             ; 1 (1)        ; 0           ; 0            ; 0       ; 0         ; 0    ; 0            ; |memoria|celula:CEL02|flipFlopJK2:\FOR01:6:cont1 ;              ;
;       |flipFlopJK2:\FOR01:7:cont1| ; 0 (0)             ; 1 (1)        ; 0           ; 0            ; 0       ; 0         ; 0    ; 0            ; |memoria|celula:CEL02|flipFlopJK2:\FOR01:7:cont1 ;              ;
;    |celula:CEL03|                  ; 10 (10)           ; 8 (0)        ; 0           ; 0            ; 0       ; 0         ; 0    ; 0            ; |memoria|celula:CEL03                            ;              ;
;       |flipFlopJK2:\FOR01:0:cont1| ; 0 (0)             ; 1 (1)        ; 0           ; 0            ; 0       ; 0         ; 0    ; 0            ; |memoria|celula:CEL03|flipFlopJK2:\FOR01:0:cont1 ;              ;
;       |flipFlopJK2:\FOR01:1:cont1| ; 0 (0)             ; 1 (1)        ; 0           ; 0            ; 0       ; 0         ; 0    ; 0            ; |memoria|celula:CEL03|flipFlopJK2:\FOR01:1:cont1 ;              ;
;       |flipFlopJK2:\FOR01:2:cont1| ; 0 (0)             ; 1 (1)        ; 0           ; 0            ; 0       ; 0         ; 0    ; 0            ; |memoria|celula:CEL03|flipFlopJK2:\FOR01:2:cont1 ;              ;
;       |flipFlopJK2:\FOR01:3:cont1| ; 0 (0)             ; 1 (1)        ; 0           ; 0            ; 0       ; 0         ; 0    ; 0            ; |memoria|celula:CEL03|flipFlopJK2:\FOR01:3:cont1 ;              ;
;       |flipFlopJK2:\FOR01:4:cont1| ; 0 (0)             ; 1 (1)        ; 0           ; 0            ; 0       ; 0         ; 0    ; 0            ; |memoria|celula:CEL03|flipFlopJK2:\FOR01:4:cont1 ;              ;
;       |flipFlopJK2:\FOR01:5:cont1| ; 0 (0)             ; 1 (1)        ; 0           ; 0            ; 0       ; 0         ; 0    ; 0            ; |memoria|celula:CEL03|flipFlopJK2:\FOR01:5:cont1 ;              ;
;       |flipFlopJK2:\FOR01:6:cont1| ; 0 (0)             ; 1 (1)        ; 0           ; 0            ; 0       ; 0         ; 0    ; 0            ; |memoria|celula:CEL03|flipFlopJK2:\FOR01:6:cont1 ;              ;
;       |flipFlopJK2:\FOR01:7:cont1| ; 0 (0)             ; 1 (1)        ; 0           ; 0            ; 0       ; 0         ; 0    ; 0            ; |memoria|celula:CEL03|flipFlopJK2:\FOR01:7:cont1 ;              ;
;    |celula:CEL04|                  ; 10 (10)           ; 8 (0)        ; 0           ; 0            ; 0       ; 0         ; 0    ; 0            ; |memoria|celula:CEL04                            ;              ;
;       |flipFlopJK2:\FOR01:0:cont1| ; 0 (0)             ; 1 (1)        ; 0           ; 0            ; 0       ; 0         ; 0    ; 0            ; |memoria|celula:CEL04|flipFlopJK2:\FOR01:0:cont1 ;              ;
;       |flipFlopJK2:\FOR01:1:cont1| ; 0 (0)             ; 1 (1)        ; 0           ; 0            ; 0       ; 0         ; 0    ; 0            ; |memoria|celula:CEL04|flipFlopJK2:\FOR01:1:cont1 ;              ;
;       |flipFlopJK2:\FOR01:2:cont1| ; 0 (0)             ; 1 (1)        ; 0           ; 0            ; 0       ; 0         ; 0    ; 0            ; |memoria|celula:CEL04|flipFlopJK2:\FOR01:2:cont1 ;              ;
;       |flipFlopJK2:\FOR01:3:cont1| ; 0 (0)             ; 1 (1)        ; 0           ; 0            ; 0       ; 0         ; 0    ; 0            ; |memoria|celula:CEL04|flipFlopJK2:\FOR01:3:cont1 ;              ;
;       |flipFlopJK2:\FOR01:4:cont1| ; 0 (0)             ; 1 (1)        ; 0           ; 0            ; 0       ; 0         ; 0    ; 0            ; |memoria|celula:CEL04|flipFlopJK2:\FOR01:4:cont1 ;              ;
;       |flipFlopJK2:\FOR01:5:cont1| ; 0 (0)             ; 1 (1)        ; 0           ; 0            ; 0       ; 0         ; 0    ; 0            ; |memoria|celula:CEL04|flipFlopJK2:\FOR01:5:cont1 ;              ;
;       |flipFlopJK2:\FOR01:6:cont1| ; 0 (0)             ; 1 (1)        ; 0           ; 0            ; 0       ; 0         ; 0    ; 0            ; |memoria|celula:CEL04|flipFlopJK2:\FOR01:6:cont1 ;              ;
;       |flipFlopJK2:\FOR01:7:cont1| ; 0 (0)             ; 1 (1)        ; 0           ; 0            ; 0       ; 0         ; 0    ; 0            ; |memoria|celula:CEL04|flipFlopJK2:\FOR01:7:cont1 ;              ;
;    |celula:CEL05|                  ; 10 (10)           ; 8 (0)        ; 0           ; 0            ; 0       ; 0         ; 0    ; 0            ; |memoria|celula:CEL05                            ;              ;
;       |flipFlopJK2:\FOR01:0:cont1| ; 0 (0)             ; 1 (1)        ; 0           ; 0            ; 0       ; 0         ; 0    ; 0            ; |memoria|celula:CEL05|flipFlopJK2:\FOR01:0:cont1 ;              ;
;       |flipFlopJK2:\FOR01:1:cont1| ; 0 (0)             ; 1 (1)        ; 0           ; 0            ; 0       ; 0         ; 0    ; 0            ; |memoria|celula:CEL05|flipFlopJK2:\FOR01:1:cont1 ;              ;
;       |flipFlopJK2:\FOR01:2:cont1| ; 0 (0)             ; 1 (1)        ; 0           ; 0            ; 0       ; 0         ; 0    ; 0            ; |memoria|celula:CEL05|flipFlopJK2:\FOR01:2:cont1 ;              ;
;       |flipFlopJK2:\FOR01:3:cont1| ; 0 (0)             ; 1 (1)        ; 0           ; 0            ; 0       ; 0         ; 0    ; 0            ; |memoria|celula:CEL05|flipFlopJK2:\FOR01:3:cont1 ;              ;
;       |flipFlopJK2:\FOR01:4:cont1| ; 0 (0)             ; 1 (1)        ; 0           ; 0            ; 0       ; 0         ; 0    ; 0            ; |memoria|celula:CEL05|flipFlopJK2:\FOR01:4:cont1 ;              ;
;       |flipFlopJK2:\FOR01:5:cont1| ; 0 (0)             ; 1 (1)        ; 0           ; 0            ; 0       ; 0         ; 0    ; 0            ; |memoria|celula:CEL05|flipFlopJK2:\FOR01:5:cont1 ;              ;
;       |flipFlopJK2:\FOR01:6:cont1| ; 0 (0)             ; 1 (1)        ; 0           ; 0            ; 0       ; 0         ; 0    ; 0            ; |memoria|celula:CEL05|flipFlopJK2:\FOR01:6:cont1 ;              ;
;       |flipFlopJK2:\FOR01:7:cont1| ; 0 (0)             ; 1 (1)        ; 0           ; 0            ; 0       ; 0         ; 0    ; 0            ; |memoria|celula:CEL05|flipFlopJK2:\FOR01:7:cont1 ;              ;
;    |celula:CEL06|                  ; 10 (10)           ; 8 (0)        ; 0           ; 0            ; 0       ; 0         ; 0    ; 0            ; |memoria|celula:CEL06                            ;              ;
;       |flipFlopJK2:\FOR01:0:cont1| ; 0 (0)             ; 1 (1)        ; 0           ; 0            ; 0       ; 0         ; 0    ; 0            ; |memoria|celula:CEL06|flipFlopJK2:\FOR01:0:cont1 ;              ;
;       |flipFlopJK2:\FOR01:1:cont1| ; 0 (0)             ; 1 (1)        ; 0           ; 0            ; 0       ; 0         ; 0    ; 0            ; |memoria|celula:CEL06|flipFlopJK2:\FOR01:1:cont1 ;              ;
;       |flipFlopJK2:\FOR01:2:cont1| ; 0 (0)             ; 1 (1)        ; 0           ; 0            ; 0       ; 0         ; 0    ; 0            ; |memoria|celula:CEL06|flipFlopJK2:\FOR01:2:cont1 ;              ;
;       |flipFlopJK2:\FOR01:3:cont1| ; 0 (0)             ; 1 (1)        ; 0           ; 0            ; 0       ; 0         ; 0    ; 0            ; |memoria|celula:CEL06|flipFlopJK2:\FOR01:3:cont1 ;              ;
;       |flipFlopJK2:\FOR01:4:cont1| ; 0 (0)             ; 1 (1)        ; 0           ; 0            ; 0       ; 0         ; 0    ; 0            ; |memoria|celula:CEL06|flipFlopJK2:\FOR01:4:cont1 ;              ;
;       |flipFlopJK2:\FOR01:5:cont1| ; 0 (0)             ; 1 (1)        ; 0           ; 0            ; 0       ; 0         ; 0    ; 0            ; |memoria|celula:CEL06|flipFlopJK2:\FOR01:5:cont1 ;              ;
;       |flipFlopJK2:\FOR01:6:cont1| ; 0 (0)             ; 1 (1)        ; 0           ; 0            ; 0       ; 0         ; 0    ; 0            ; |memoria|celula:CEL06|flipFlopJK2:\FOR01:6:cont1 ;              ;
;       |flipFlopJK2:\FOR01:7:cont1| ; 0 (0)             ; 1 (1)        ; 0           ; 0            ; 0       ; 0         ; 0    ; 0            ; |memoria|celula:CEL06|flipFlopJK2:\FOR01:7:cont1 ;              ;
;    |celula:CEL07|                  ; 10 (10)           ; 8 (0)        ; 0           ; 0            ; 0       ; 0         ; 0    ; 0            ; |memoria|celula:CEL07                            ;              ;
;       |flipFlopJK2:\FOR01:0:cont1| ; 0 (0)             ; 1 (1)        ; 0           ; 0            ; 0       ; 0         ; 0    ; 0            ; |memoria|celula:CEL07|flipFlopJK2:\FOR01:0:cont1 ;              ;
;       |flipFlopJK2:\FOR01:1:cont1| ; 0 (0)             ; 1 (1)        ; 0           ; 0            ; 0       ; 0         ; 0    ; 0            ; |memoria|celula:CEL07|flipFlopJK2:\FOR01:1:cont1 ;              ;
;       |flipFlopJK2:\FOR01:2:cont1| ; 0 (0)             ; 1 (1)        ; 0           ; 0            ; 0       ; 0         ; 0    ; 0            ; |memoria|celula:CEL07|flipFlopJK2:\FOR01:2:cont1 ;              ;
;       |flipFlopJK2:\FOR01:3:cont1| ; 0 (0)             ; 1 (1)        ; 0           ; 0            ; 0       ; 0         ; 0    ; 0            ; |memoria|celula:CEL07|flipFlopJK2:\FOR01:3:cont1 ;              ;
;       |flipFlopJK2:\FOR01:4:cont1| ; 0 (0)             ; 1 (1)        ; 0           ; 0            ; 0       ; 0         ; 0    ; 0            ; |memoria|celula:CEL07|flipFlopJK2:\FOR01:4:cont1 ;              ;
;       |flipFlopJK2:\FOR01:5:cont1| ; 0 (0)             ; 1 (1)        ; 0           ; 0            ; 0       ; 0         ; 0    ; 0            ; |memoria|celula:CEL07|flipFlopJK2:\FOR01:5:cont1 ;              ;
;       |flipFlopJK2:\FOR01:6:cont1| ; 0 (0)             ; 1 (1)        ; 0           ; 0            ; 0       ; 0         ; 0    ; 0            ; |memoria|celula:CEL07|flipFlopJK2:\FOR01:6:cont1 ;              ;
;       |flipFlopJK2:\FOR01:7:cont1| ; 0 (0)             ; 1 (1)        ; 0           ; 0            ; 0       ; 0         ; 0    ; 0            ; |memoria|celula:CEL07|flipFlopJK2:\FOR01:7:cont1 ;              ;
;    |celula:CEL08|                  ; 10 (10)           ; 8 (0)        ; 0           ; 0            ; 0       ; 0         ; 0    ; 0            ; |memoria|celula:CEL08                            ;              ;
;       |flipFlopJK2:\FOR01:0:cont1| ; 0 (0)             ; 1 (1)        ; 0           ; 0            ; 0       ; 0         ; 0    ; 0            ; |memoria|celula:CEL08|flipFlopJK2:\FOR01:0:cont1 ;              ;
;       |flipFlopJK2:\FOR01:1:cont1| ; 0 (0)             ; 1 (1)        ; 0           ; 0            ; 0       ; 0         ; 0    ; 0            ; |memoria|celula:CEL08|flipFlopJK2:\FOR01:1:cont1 ;              ;
;       |flipFlopJK2:\FOR01:2:cont1| ; 0 (0)             ; 1 (1)        ; 0           ; 0            ; 0       ; 0         ; 0    ; 0            ; |memoria|celula:CEL08|flipFlopJK2:\FOR01:2:cont1 ;              ;
;       |flipFlopJK2:\FOR01:3:cont1| ; 0 (0)             ; 1 (1)        ; 0           ; 0            ; 0       ; 0         ; 0    ; 0            ; |memoria|celula:CEL08|flipFlopJK2:\FOR01:3:cont1 ;              ;
;       |flipFlopJK2:\FOR01:4:cont1| ; 0 (0)             ; 1 (1)        ; 0           ; 0            ; 0       ; 0         ; 0    ; 0            ; |memoria|celula:CEL08|flipFlopJK2:\FOR01:4:cont1 ;              ;
;       |flipFlopJK2:\FOR01:5:cont1| ; 0 (0)             ; 1 (1)        ; 0           ; 0            ; 0       ; 0         ; 0    ; 0            ; |memoria|celula:CEL08|flipFlopJK2:\FOR01:5:cont1 ;              ;
;       |flipFlopJK2:\FOR01:6:cont1| ; 0 (0)             ; 1 (1)        ; 0           ; 0            ; 0       ; 0         ; 0    ; 0            ; |memoria|celula:CEL08|flipFlopJK2:\FOR01:6:cont1 ;              ;
;       |flipFlopJK2:\FOR01:7:cont1| ; 0 (0)             ; 1 (1)        ; 0           ; 0            ; 0       ; 0         ; 0    ; 0            ; |memoria|celula:CEL08|flipFlopJK2:\FOR01:7:cont1 ;              ;
;    |celula:CEL09|                  ; 10 (10)           ; 8 (0)        ; 0           ; 0            ; 0       ; 0         ; 0    ; 0            ; |memoria|celula:CEL09                            ;              ;
;       |flipFlopJK2:\FOR01:0:cont1| ; 0 (0)             ; 1 (1)        ; 0           ; 0            ; 0       ; 0         ; 0    ; 0            ; |memoria|celula:CEL09|flipFlopJK2:\FOR01:0:cont1 ;              ;
;       |flipFlopJK2:\FOR01:1:cont1| ; 0 (0)             ; 1 (1)        ; 0           ; 0            ; 0       ; 0         ; 0    ; 0            ; |memoria|celula:CEL09|flipFlopJK2:\FOR01:1:cont1 ;              ;
;       |flipFlopJK2:\FOR01:2:cont1| ; 0 (0)             ; 1 (1)        ; 0           ; 0            ; 0       ; 0         ; 0    ; 0            ; |memoria|celula:CEL09|flipFlopJK2:\FOR01:2:cont1 ;              ;
;       |flipFlopJK2:\FOR01:3:cont1| ; 0 (0)             ; 1 (1)        ; 0           ; 0            ; 0       ; 0         ; 0    ; 0            ; |memoria|celula:CEL09|flipFlopJK2:\FOR01:3:cont1 ;              ;
;       |flipFlopJK2:\FOR01:4:cont1| ; 0 (0)             ; 1 (1)        ; 0           ; 0            ; 0       ; 0         ; 0    ; 0            ; |memoria|celula:CEL09|flipFlopJK2:\FOR01:4:cont1 ;              ;
;       |flipFlopJK2:\FOR01:5:cont1| ; 0 (0)             ; 1 (1)        ; 0           ; 0            ; 0       ; 0         ; 0    ; 0            ; |memoria|celula:CEL09|flipFlopJK2:\FOR01:5:cont1 ;              ;
;       |flipFlopJK2:\FOR01:6:cont1| ; 0 (0)             ; 1 (1)        ; 0           ; 0            ; 0       ; 0         ; 0    ; 0            ; |memoria|celula:CEL09|flipFlopJK2:\FOR01:6:cont1 ;              ;
;       |flipFlopJK2:\FOR01:7:cont1| ; 0 (0)             ; 1 (1)        ; 0           ; 0            ; 0       ; 0         ; 0    ; 0            ; |memoria|celula:CEL09|flipFlopJK2:\FOR01:7:cont1 ;              ;
;    |celula:CEL10|                  ; 10 (10)           ; 8 (0)        ; 0           ; 0            ; 0       ; 0         ; 0    ; 0            ; |memoria|celula:CEL10                            ;              ;
;       |flipFlopJK2:\FOR01:0:cont1| ; 0 (0)             ; 1 (1)        ; 0           ; 0            ; 0       ; 0         ; 0    ; 0            ; |memoria|celula:CEL10|flipFlopJK2:\FOR01:0:cont1 ;              ;
;       |flipFlopJK2:\FOR01:1:cont1| ; 0 (0)             ; 1 (1)        ; 0           ; 0            ; 0       ; 0         ; 0    ; 0            ; |memoria|celula:CEL10|flipFlopJK2:\FOR01:1:cont1 ;              ;
;       |flipFlopJK2:\FOR01:2:cont1| ; 0 (0)             ; 1 (1)        ; 0           ; 0            ; 0       ; 0         ; 0    ; 0            ; |memoria|celula:CEL10|flipFlopJK2:\FOR01:2:cont1 ;              ;
;       |flipFlopJK2:\FOR01:3:cont1| ; 0 (0)             ; 1 (1)        ; 0           ; 0            ; 0       ; 0         ; 0    ; 0            ; |memoria|celula:CEL10|flipFlopJK2:\FOR01:3:cont1 ;              ;
;       |flipFlopJK2:\FOR01:4:cont1| ; 0 (0)             ; 1 (1)        ; 0           ; 0            ; 0       ; 0         ; 0    ; 0            ; |memoria|celula:CEL10|flipFlopJK2:\FOR01:4:cont1 ;              ;
;       |flipFlopJK2:\FOR01:5:cont1| ; 0 (0)             ; 1 (1)        ; 0           ; 0            ; 0       ; 0         ; 0    ; 0            ; |memoria|celula:CEL10|flipFlopJK2:\FOR01:5:cont1 ;              ;
;       |flipFlopJK2:\FOR01:6:cont1| ; 0 (0)             ; 1 (1)        ; 0           ; 0            ; 0       ; 0         ; 0    ; 0            ; |memoria|celula:CEL10|flipFlopJK2:\FOR01:6:cont1 ;              ;
;       |flipFlopJK2:\FOR01:7:cont1| ; 0 (0)             ; 1 (1)        ; 0           ; 0            ; 0       ; 0         ; 0    ; 0            ; |memoria|celula:CEL10|flipFlopJK2:\FOR01:7:cont1 ;              ;
;    |celula:CEL11|                  ; 10 (10)           ; 8 (0)        ; 0           ; 0            ; 0       ; 0         ; 0    ; 0            ; |memoria|celula:CEL11                            ;              ;
;       |flipFlopJK2:\FOR01:0:cont1| ; 0 (0)             ; 1 (1)        ; 0           ; 0            ; 0       ; 0         ; 0    ; 0            ; |memoria|celula:CEL11|flipFlopJK2:\FOR01:0:cont1 ;              ;
;       |flipFlopJK2:\FOR01:1:cont1| ; 0 (0)             ; 1 (1)        ; 0           ; 0            ; 0       ; 0         ; 0    ; 0            ; |memoria|celula:CEL11|flipFlopJK2:\FOR01:1:cont1 ;              ;
;       |flipFlopJK2:\FOR01:2:cont1| ; 0 (0)             ; 1 (1)        ; 0           ; 0            ; 0       ; 0         ; 0    ; 0            ; |memoria|celula:CEL11|flipFlopJK2:\FOR01:2:cont1 ;              ;
;       |flipFlopJK2:\FOR01:3:cont1| ; 0 (0)             ; 1 (1)        ; 0           ; 0            ; 0       ; 0         ; 0    ; 0            ; |memoria|celula:CEL11|flipFlopJK2:\FOR01:3:cont1 ;              ;
;       |flipFlopJK2:\FOR01:4:cont1| ; 0 (0)             ; 1 (1)        ; 0           ; 0            ; 0       ; 0         ; 0    ; 0            ; |memoria|celula:CEL11|flipFlopJK2:\FOR01:4:cont1 ;              ;
;       |flipFlopJK2:\FOR01:5:cont1| ; 0 (0)             ; 1 (1)        ; 0           ; 0            ; 0       ; 0         ; 0    ; 0            ; |memoria|celula:CEL11|flipFlopJK2:\FOR01:5:cont1 ;              ;
;       |flipFlopJK2:\FOR01:6:cont1| ; 0 (0)             ; 1 (1)        ; 0           ; 0            ; 0       ; 0         ; 0    ; 0            ; |memoria|celula:CEL11|flipFlopJK2:\FOR01:6:cont1 ;              ;
;       |flipFlopJK2:\FOR01:7:cont1| ; 0 (0)             ; 1 (1)        ; 0           ; 0            ; 0       ; 0         ; 0    ; 0            ; |memoria|celula:CEL11|flipFlopJK2:\FOR01:7:cont1 ;              ;
;    |celula:CEL12|                  ; 10 (10)           ; 8 (0)        ; 0           ; 0            ; 0       ; 0         ; 0    ; 0            ; |memoria|celula:CEL12                            ;              ;
;       |flipFlopJK2:\FOR01:0:cont1| ; 0 (0)             ; 1 (1)        ; 0           ; 0            ; 0       ; 0         ; 0    ; 0            ; |memoria|celula:CEL12|flipFlopJK2:\FOR01:0:cont1 ;              ;
;       |flipFlopJK2:\FOR01:1:cont1| ; 0 (0)             ; 1 (1)        ; 0           ; 0            ; 0       ; 0         ; 0    ; 0            ; |memoria|celula:CEL12|flipFlopJK2:\FOR01:1:cont1 ;              ;
;       |flipFlopJK2:\FOR01:2:cont1| ; 0 (0)             ; 1 (1)        ; 0           ; 0            ; 0       ; 0         ; 0    ; 0            ; |memoria|celula:CEL12|flipFlopJK2:\FOR01:2:cont1 ;              ;
;       |flipFlopJK2:\FOR01:3:cont1| ; 0 (0)             ; 1 (1)        ; 0           ; 0            ; 0       ; 0         ; 0    ; 0            ; |memoria|celula:CEL12|flipFlopJK2:\FOR01:3:cont1 ;              ;
;       |flipFlopJK2:\FOR01:4:cont1| ; 0 (0)             ; 1 (1)        ; 0           ; 0            ; 0       ; 0         ; 0    ; 0            ; |memoria|celula:CEL12|flipFlopJK2:\FOR01:4:cont1 ;              ;
;       |flipFlopJK2:\FOR01:5:cont1| ; 0 (0)             ; 1 (1)        ; 0           ; 0            ; 0       ; 0         ; 0    ; 0            ; |memoria|celula:CEL12|flipFlopJK2:\FOR01:5:cont1 ;              ;
;       |flipFlopJK2:\FOR01:6:cont1| ; 0 (0)             ; 1 (1)        ; 0           ; 0            ; 0       ; 0         ; 0    ; 0            ; |memoria|celula:CEL12|flipFlopJK2:\FOR01:6:cont1 ;              ;
;       |flipFlopJK2:\FOR01:7:cont1| ; 0 (0)             ; 1 (1)        ; 0           ; 0            ; 0       ; 0         ; 0    ; 0            ; |memoria|celula:CEL12|flipFlopJK2:\FOR01:7:cont1 ;              ;
;    |celula:CEL13|                  ; 10 (10)           ; 8 (0)        ; 0           ; 0            ; 0       ; 0         ; 0    ; 0            ; |memoria|celula:CEL13                            ;              ;
;       |flipFlopJK2:\FOR01:0:cont1| ; 0 (0)             ; 1 (1)        ; 0           ; 0            ; 0       ; 0         ; 0    ; 0            ; |memoria|celula:CEL13|flipFlopJK2:\FOR01:0:cont1 ;              ;
;       |flipFlopJK2:\FOR01:1:cont1| ; 0 (0)             ; 1 (1)        ; 0           ; 0            ; 0       ; 0         ; 0    ; 0            ; |memoria|celula:CEL13|flipFlopJK2:\FOR01:1:cont1 ;              ;
;       |flipFlopJK2:\FOR01:2:cont1| ; 0 (0)             ; 1 (1)        ; 0           ; 0            ; 0       ; 0         ; 0    ; 0            ; |memoria|celula:CEL13|flipFlopJK2:\FOR01:2:cont1 ;              ;
;       |flipFlopJK2:\FOR01:3:cont1| ; 0 (0)             ; 1 (1)        ; 0           ; 0            ; 0       ; 0         ; 0    ; 0            ; |memoria|celula:CEL13|flipFlopJK2:\FOR01:3:cont1 ;              ;
;       |flipFlopJK2:\FOR01:4:cont1| ; 0 (0)             ; 1 (1)        ; 0           ; 0            ; 0       ; 0         ; 0    ; 0            ; |memoria|celula:CEL13|flipFlopJK2:\FOR01:4:cont1 ;              ;
;       |flipFlopJK2:\FOR01:5:cont1| ; 0 (0)             ; 1 (1)        ; 0           ; 0            ; 0       ; 0         ; 0    ; 0            ; |memoria|celula:CEL13|flipFlopJK2:\FOR01:5:cont1 ;              ;
;       |flipFlopJK2:\FOR01:6:cont1| ; 0 (0)             ; 1 (1)        ; 0           ; 0            ; 0       ; 0         ; 0    ; 0            ; |memoria|celula:CEL13|flipFlopJK2:\FOR01:6:cont1 ;              ;
;       |flipFlopJK2:\FOR01:7:cont1| ; 0 (0)             ; 1 (1)        ; 0           ; 0            ; 0       ; 0         ; 0    ; 0            ; |memoria|celula:CEL13|flipFlopJK2:\FOR01:7:cont1 ;              ;
;    |celula:CEL14|                  ; 10 (10)           ; 8 (0)        ; 0           ; 0            ; 0       ; 0         ; 0    ; 0            ; |memoria|celula:CEL14                            ;              ;
;       |flipFlopJK2:\FOR01:0:cont1| ; 0 (0)             ; 1 (1)        ; 0           ; 0            ; 0       ; 0         ; 0    ; 0            ; |memoria|celula:CEL14|flipFlopJK2:\FOR01:0:cont1 ;              ;
;       |flipFlopJK2:\FOR01:1:cont1| ; 0 (0)             ; 1 (1)        ; 0           ; 0            ; 0       ; 0         ; 0    ; 0            ; |memoria|celula:CEL14|flipFlopJK2:\FOR01:1:cont1 ;              ;
;       |flipFlopJK2:\FOR01:2:cont1| ; 0 (0)             ; 1 (1)        ; 0           ; 0            ; 0       ; 0         ; 0    ; 0            ; |memoria|celula:CEL14|flipFlopJK2:\FOR01:2:cont1 ;              ;
;       |flipFlopJK2:\FOR01:3:cont1| ; 0 (0)             ; 1 (1)        ; 0           ; 0            ; 0       ; 0         ; 0    ; 0            ; |memoria|celula:CEL14|flipFlopJK2:\FOR01:3:cont1 ;              ;
;       |flipFlopJK2:\FOR01:4:cont1| ; 0 (0)             ; 1 (1)        ; 0           ; 0            ; 0       ; 0         ; 0    ; 0            ; |memoria|celula:CEL14|flipFlopJK2:\FOR01:4:cont1 ;              ;
;       |flipFlopJK2:\FOR01:5:cont1| ; 0 (0)             ; 1 (1)        ; 0           ; 0            ; 0       ; 0         ; 0    ; 0            ; |memoria|celula:CEL14|flipFlopJK2:\FOR01:5:cont1 ;              ;
;       |flipFlopJK2:\FOR01:6:cont1| ; 0 (0)             ; 1 (1)        ; 0           ; 0            ; 0       ; 0         ; 0    ; 0            ; |memoria|celula:CEL14|flipFlopJK2:\FOR01:6:cont1 ;              ;
;       |flipFlopJK2:\FOR01:7:cont1| ; 0 (0)             ; 1 (1)        ; 0           ; 0            ; 0       ; 0         ; 0    ; 0            ; |memoria|celula:CEL14|flipFlopJK2:\FOR01:7:cont1 ;              ;
;    |celula:CEL15|                  ; 10 (10)           ; 8 (0)        ; 0           ; 0            ; 0       ; 0         ; 0    ; 0            ; |memoria|celula:CEL15                            ;              ;
;       |flipFlopJK2:\FOR01:0:cont1| ; 0 (0)             ; 1 (1)        ; 0           ; 0            ; 0       ; 0         ; 0    ; 0            ; |memoria|celula:CEL15|flipFlopJK2:\FOR01:0:cont1 ;              ;
;       |flipFlopJK2:\FOR01:1:cont1| ; 0 (0)             ; 1 (1)        ; 0           ; 0            ; 0       ; 0         ; 0    ; 0            ; |memoria|celula:CEL15|flipFlopJK2:\FOR01:1:cont1 ;              ;
;       |flipFlopJK2:\FOR01:2:cont1| ; 0 (0)             ; 1 (1)        ; 0           ; 0            ; 0       ; 0         ; 0    ; 0            ; |memoria|celula:CEL15|flipFlopJK2:\FOR01:2:cont1 ;              ;
;       |flipFlopJK2:\FOR01:3:cont1| ; 0 (0)             ; 1 (1)        ; 0           ; 0            ; 0       ; 0         ; 0    ; 0            ; |memoria|celula:CEL15|flipFlopJK2:\FOR01:3:cont1 ;              ;
;       |flipFlopJK2:\FOR01:4:cont1| ; 0 (0)             ; 1 (1)        ; 0           ; 0            ; 0       ; 0         ; 0    ; 0            ; |memoria|celula:CEL15|flipFlopJK2:\FOR01:4:cont1 ;              ;
;       |flipFlopJK2:\FOR01:5:cont1| ; 0 (0)             ; 1 (1)        ; 0           ; 0            ; 0       ; 0         ; 0    ; 0            ; |memoria|celula:CEL15|flipFlopJK2:\FOR01:5:cont1 ;              ;
;       |flipFlopJK2:\FOR01:6:cont1| ; 0 (0)             ; 1 (1)        ; 0           ; 0            ; 0       ; 0         ; 0    ; 0            ; |memoria|celula:CEL15|flipFlopJK2:\FOR01:6:cont1 ;              ;
;       |flipFlopJK2:\FOR01:7:cont1| ; 0 (0)             ; 1 (1)        ; 0           ; 0            ; 0       ; 0         ; 0    ; 0            ; |memoria|celula:CEL15|flipFlopJK2:\FOR01:7:cont1 ;              ;
+------------------------------------+-------------------+--------------+-------------+--------------+---------+-----------+------+--------------+--------------------------------------------------+--------------+
Note: For table entries with two numbers listed, the numbers in parentheses indicate the number of resources of the given type used by the specific entity alone. The numbers listed outside of parentheses indicate the total resources of the given type used by the specific entity and all of its sub-entities in the hierarchy.


+------------------------------------------------------+
; General Register Statistics                          ;
+----------------------------------------------+-------+
; Statistic                                    ; Value ;
+----------------------------------------------+-------+
; Total registers                              ; 128   ;
; Number of registers using Synchronous Clear  ; 0     ;
; Number of registers using Synchronous Load   ; 0     ;
; Number of registers using Asynchronous Clear ; 0     ;
; Number of registers using Asynchronous Load  ; 0     ;
; Number of registers using Clock Enable       ; 128   ;
; Number of registers using Preset             ; 0     ;
+----------------------------------------------+-------+


+-----------------------------------------------------------+
; Parameter Settings for User Entity Instance: celula:CEL00 ;
+----------------+-------+----------------------------------+
; Parameter Name ; Value ; Type                             ;
+----------------+-------+----------------------------------+
; n              ; 8     ; Signed Integer                   ;
+----------------+-------+----------------------------------+
Note: In order to hide this table in the UI and the text report file, please set the "Show Parameter Settings in Synthesis Report" option in "Analysis and Synthesis Settings -> More Settings" to "Off".


+-----------------------------------------------------------+
; Parameter Settings for User Entity Instance: celula:CEL01 ;
+----------------+-------+----------------------------------+
; Parameter Name ; Value ; Type                             ;
+----------------+-------+----------------------------------+
; n              ; 8     ; Signed Integer                   ;
+----------------+-------+----------------------------------+
Note: In order to hide this table in the UI and the text report file, please set the "Show Parameter Settings in Synthesis Report" option in "Analysis and Synthesis Settings -> More Settings" to "Off".


+-----------------------------------------------------------+
; Parameter Settings for User Entity Instance: celula:CEL02 ;
+----------------+-------+----------------------------------+
; Parameter Name ; Value ; Type                             ;
+----------------+-------+----------------------------------+
; n              ; 8     ; Signed Integer                   ;
+----------------+-------+----------------------------------+
Note: In order to hide this table in the UI and the text report file, please set the "Show Parameter Settings in Synthesis Report" option in "Analysis and Synthesis Settings -> More Settings" to "Off".


+-----------------------------------------------------------+
; Parameter Settings for User Entity Instance: celula:CEL03 ;
+----------------+-------+----------------------------------+
; Parameter Name ; Value ; Type                             ;
+----------------+-------+----------------------------------+
; n              ; 8     ; Signed Integer                   ;
+----------------+-------+----------------------------------+
Note: In order to hide this table in the UI and the text report file, please set the "Show Parameter Settings in Synthesis Report" option in "Analysis and Synthesis Settings -> More Settings" to "Off".


+-----------------------------------------------------------+
; Parameter Settings for User Entity Instance: celula:CEL04 ;
+----------------+-------+----------------------------------+
; Parameter Name ; Value ; Type                             ;
+----------------+-------+----------------------------------+
; n              ; 8     ; Signed Integer                   ;
+----------------+-------+----------------------------------+
Note: In order to hide this table in the UI and the text report file, please set the "Show Parameter Settings in Synthesis Report" option in "Analysis and Synthesis Settings -> More Settings" to "Off".


+-----------------------------------------------------------+
; Parameter Settings for User Entity Instance: celula:CEL05 ;
+----------------+-------+----------------------------------+
; Parameter Name ; Value ; Type                             ;
+----------------+-------+----------------------------------+
; n              ; 8     ; Signed Integer                   ;
+----------------+-------+----------------------------------+
Note: In order to hide this table in the UI and the text report file, please set the "Show Parameter Settings in Synthesis Report" option in "Analysis and Synthesis Settings -> More Settings" to "Off".


+-----------------------------------------------------------+
; Parameter Settings for User Entity Instance: celula:CEL06 ;
+----------------+-------+----------------------------------+
; Parameter Name ; Value ; Type                             ;
+----------------+-------+----------------------------------+
; n              ; 8     ; Signed Integer                   ;
+----------------+-------+----------------------------------+
Note: In order to hide this table in the UI and the text report file, please set the "Show Parameter Settings in Synthesis Report" option in "Analysis and Synthesis Settings -> More Settings" to "Off".


+-----------------------------------------------------------+
; Parameter Settings for User Entity Instance: celula:CEL07 ;
+----------------+-------+----------------------------------+
; Parameter Name ; Value ; Type                             ;
+----------------+-------+----------------------------------+
; n              ; 8     ; Signed Integer                   ;
+----------------+-------+----------------------------------+
Note: In order to hide this table in the UI and the text report file, please set the "Show Parameter Settings in Synthesis Report" option in "Analysis and Synthesis Settings -> More Settings" to "Off".


+-----------------------------------------------------------+
; Parameter Settings for User Entity Instance: celula:CEL08 ;
+----------------+-------+----------------------------------+
; Parameter Name ; Value ; Type                             ;
+----------------+-------+----------------------------------+
; n              ; 8     ; Signed Integer                   ;
+----------------+-------+----------------------------------+
Note: In order to hide this table in the UI and the text report file, please set the "Show Parameter Settings in Synthesis Report" option in "Analysis and Synthesis Settings -> More Settings" to "Off".


+-----------------------------------------------------------+
; Parameter Settings for User Entity Instance: celula:CEL09 ;
+----------------+-------+----------------------------------+
; Parameter Name ; Value ; Type                             ;
+----------------+-------+----------------------------------+
; n              ; 8     ; Signed Integer                   ;
+----------------+-------+----------------------------------+
Note: In order to hide this table in the UI and the text report file, please set the "Show Parameter Settings in Synthesis Report" option in "Analysis and Synthesis Settings -> More Settings" to "Off".


+-----------------------------------------------------------+
; Parameter Settings for User Entity Instance: celula:CEL10 ;
+----------------+-------+----------------------------------+
; Parameter Name ; Value ; Type                             ;
+----------------+-------+----------------------------------+
; n              ; 8     ; Signed Integer                   ;
+----------------+-------+----------------------------------+
Note: In order to hide this table in the UI and the text report file, please set the "Show Parameter Settings in Synthesis Report" option in "Analysis and Synthesis Settings -> More Settings" to "Off".


+-----------------------------------------------------------+
; Parameter Settings for User Entity Instance: celula:CEL11 ;
+----------------+-------+----------------------------------+
; Parameter Name ; Value ; Type                             ;
+----------------+-------+----------------------------------+
; n              ; 8     ; Signed Integer                   ;
+----------------+-------+----------------------------------+
Note: In order to hide this table in the UI and the text report file, please set the "Show Parameter Settings in Synthesis Report" option in "Analysis and Synthesis Settings -> More Settings" to "Off".


+-----------------------------------------------------------+
; Parameter Settings for User Entity Instance: celula:CEL12 ;
+----------------+-------+----------------------------------+
; Parameter Name ; Value ; Type                             ;
+----------------+-------+----------------------------------+
; n              ; 8     ; Signed Integer                   ;
+----------------+-------+----------------------------------+
Note: In order to hide this table in the UI and the text report file, please set the "Show Parameter Settings in Synthesis Report" option in "Analysis and Synthesis Settings -> More Settings" to "Off".


+-----------------------------------------------------------+
; Parameter Settings for User Entity Instance: celula:CEL13 ;
+----------------+-------+----------------------------------+
; Parameter Name ; Value ; Type                             ;
+----------------+-------+----------------------------------+
; n              ; 8     ; Signed Integer                   ;
+----------------+-------+----------------------------------+
Note: In order to hide this table in the UI and the text report file, please set the "Show Parameter Settings in Synthesis Report" option in "Analysis and Synthesis Settings -> More Settings" to "Off".


+-----------------------------------------------------------+
; Parameter Settings for User Entity Instance: celula:CEL14 ;
+----------------+-------+----------------------------------+
; Parameter Name ; Value ; Type                             ;
+----------------+-------+----------------------------------+
; n              ; 8     ; Signed Integer                   ;
+----------------+-------+----------------------------------+
Note: In order to hide this table in the UI and the text report file, please set the "Show Parameter Settings in Synthesis Report" option in "Analysis and Synthesis Settings -> More Settings" to "Off".


+-----------------------------------------------------------+
; Parameter Settings for User Entity Instance: celula:CEL15 ;
+----------------+-------+----------------------------------+
; Parameter Name ; Value ; Type                             ;
+----------------+-------+----------------------------------+
; n              ; 8     ; Signed Integer                   ;
+----------------+-------+----------------------------------+
Note: In order to hide this table in the UI and the text report file, please set the "Show Parameter Settings in Synthesis Report" option in "Analysis and Synthesis Settings -> More Settings" to "Off".


+----------------------------------------------------------------------------------------------------------------+
; Port Connectivity Checks: "celula:CEL15"                                                                       ;
+------+--------+----------+-------------------------------------------------------------------------------------+
; Port ; Type   ; Severity ; Details                                                                             ;
+------+--------+----------+-------------------------------------------------------------------------------------+
; p    ; Input  ; Info     ; Stuck at VCC                                                                        ;
; m    ; Output ; Info     ; Connected to dangling logic. Logic that only feeds a dangling port will be removed. ;
+------+--------+----------+-------------------------------------------------------------------------------------+


+-------------------------------------------------------------------------------------------------------------------+
; Port Connectivity Checks: "celula:CEL14"                                                                          ;
+---------+--------+----------+-------------------------------------------------------------------------------------+
; Port    ; Type   ; Severity ; Details                                                                             ;
+---------+--------+----------+-------------------------------------------------------------------------------------+
; p[3..1] ; Input  ; Info     ; Stuck at VCC                                                                        ;
; p[0]    ; Input  ; Info     ; Stuck at GND                                                                        ;
; m       ; Output ; Info     ; Connected to dangling logic. Logic that only feeds a dangling port will be removed. ;
+---------+--------+----------+-------------------------------------------------------------------------------------+


+-------------------------------------------------------------------------------------------------------------------+
; Port Connectivity Checks: "celula:CEL13"                                                                          ;
+---------+--------+----------+-------------------------------------------------------------------------------------+
; Port    ; Type   ; Severity ; Details                                                                             ;
+---------+--------+----------+-------------------------------------------------------------------------------------+
; p[3..2] ; Input  ; Info     ; Stuck at VCC                                                                        ;
; p[1]    ; Input  ; Info     ; Stuck at GND                                                                        ;
; p[0]    ; Input  ; Info     ; Stuck at VCC                                                                        ;
; m       ; Output ; Info     ; Connected to dangling logic. Logic that only feeds a dangling port will be removed. ;
+---------+--------+----------+-------------------------------------------------------------------------------------+


+-------------------------------------------------------------------------------------------------------------------+
; Port Connectivity Checks: "celula:CEL12"                                                                          ;
+---------+--------+----------+-------------------------------------------------------------------------------------+
; Port    ; Type   ; Severity ; Details                                                                             ;
+---------+--------+----------+-------------------------------------------------------------------------------------+
; p[3..2] ; Input  ; Info     ; Stuck at VCC                                                                        ;
; p[1..0] ; Input  ; Info     ; Stuck at GND                                                                        ;
; m       ; Output ; Info     ; Connected to dangling logic. Logic that only feeds a dangling port will be removed. ;
+---------+--------+----------+-------------------------------------------------------------------------------------+


+-------------------------------------------------------------------------------------------------------------------+
; Port Connectivity Checks: "celula:CEL11"                                                                          ;
+---------+--------+----------+-------------------------------------------------------------------------------------+
; Port    ; Type   ; Severity ; Details                                                                             ;
+---------+--------+----------+-------------------------------------------------------------------------------------+
; p[1..0] ; Input  ; Info     ; Stuck at VCC                                                                        ;
; p[3]    ; Input  ; Info     ; Stuck at VCC                                                                        ;
; p[2]    ; Input  ; Info     ; Stuck at GND                                                                        ;
; m       ; Output ; Info     ; Connected to dangling logic. Logic that only feeds a dangling port will be removed. ;
+---------+--------+----------+-------------------------------------------------------------------------------------+


+----------------------------------------------------------------------------------------------------------------+
; Port Connectivity Checks: "celula:CEL10"                                                                       ;
+------+--------+----------+-------------------------------------------------------------------------------------+
; Port ; Type   ; Severity ; Details                                                                             ;
+------+--------+----------+-------------------------------------------------------------------------------------+
; p[3] ; Input  ; Info     ; Stuck at VCC                                                                        ;
; p[2] ; Input  ; Info     ; Stuck at GND                                                                        ;
; p[1] ; Input  ; Info     ; Stuck at VCC                                                                        ;
; p[0] ; Input  ; Info     ; Stuck at GND                                                                        ;
; m    ; Output ; Info     ; Connected to dangling logic. Logic that only feeds a dangling port will be removed. ;
+------+--------+----------+-------------------------------------------------------------------------------------+


+-------------------------------------------------------------------------------------------------------------------+
; Port Connectivity Checks: "celula:CEL09"                                                                          ;
+---------+--------+----------+-------------------------------------------------------------------------------------+
; Port    ; Type   ; Severity ; Details                                                                             ;
+---------+--------+----------+-------------------------------------------------------------------------------------+
; p[2..1] ; Input  ; Info     ; Stuck at GND                                                                        ;
; p[3]    ; Input  ; Info     ; Stuck at VCC                                                                        ;
; p[0]    ; Input  ; Info     ; Stuck at VCC                                                                        ;
; m       ; Output ; Info     ; Connected to dangling logic. Logic that only feeds a dangling port will be removed. ;
+---------+--------+----------+-------------------------------------------------------------------------------------+


+-------------------------------------------------------------------------------------------------------------------+
; Port Connectivity Checks: "celula:CEL08"                                                                          ;
+---------+--------+----------+-------------------------------------------------------------------------------------+
; Port    ; Type   ; Severity ; Details                                                                             ;
+---------+--------+----------+-------------------------------------------------------------------------------------+
; p[2..0] ; Input  ; Info     ; Stuck at GND                                                                        ;
; p[3]    ; Input  ; Info     ; Stuck at VCC                                                                        ;
; m       ; Output ; Info     ; Connected to dangling logic. Logic that only feeds a dangling port will be removed. ;
+---------+--------+----------+-------------------------------------------------------------------------------------+


+-------------------------------------------------------------------------------------------------------------------+
; Port Connectivity Checks: "celula:CEL07"                                                                          ;
+---------+--------+----------+-------------------------------------------------------------------------------------+
; Port    ; Type   ; Severity ; Details                                                                             ;
+---------+--------+----------+-------------------------------------------------------------------------------------+
; p[2..0] ; Input  ; Info     ; Stuck at VCC                                                                        ;
; p[3]    ; Input  ; Info     ; Stuck at GND                                                                        ;
; m       ; Output ; Info     ; Connected to dangling logic. Logic that only feeds a dangling port will be removed. ;
+---------+--------+----------+-------------------------------------------------------------------------------------+


+-------------------------------------------------------------------------------------------------------------------+
; Port Connectivity Checks: "celula:CEL06"                                                                          ;
+---------+--------+----------+-------------------------------------------------------------------------------------+
; Port    ; Type   ; Severity ; Details                                                                             ;
+---------+--------+----------+-------------------------------------------------------------------------------------+
; p[2..1] ; Input  ; Info     ; Stuck at VCC                                                                        ;
; p[3]    ; Input  ; Info     ; Stuck at GND                                                                        ;
; p[0]    ; Input  ; Info     ; Stuck at GND                                                                        ;
; m       ; Output ; Info     ; Connected to dangling logic. Logic that only feeds a dangling port will be removed. ;
+---------+--------+----------+-------------------------------------------------------------------------------------+


+----------------------------------------------------------------------------------------------------------------+
; Port Connectivity Checks: "celula:CEL05"                                                                       ;
+------+--------+----------+-------------------------------------------------------------------------------------+
; Port ; Type   ; Severity ; Details                                                                             ;
+------+--------+----------+-------------------------------------------------------------------------------------+
; p[3] ; Input  ; Info     ; Stuck at GND                                                                        ;
; p[2] ; Input  ; Info     ; Stuck at VCC                                                                        ;
; p[1] ; Input  ; Info     ; Stuck at GND                                                                        ;
; p[0] ; Input  ; Info     ; Stuck at VCC                                                                        ;
; m    ; Output ; Info     ; Connected to dangling logic. Logic that only feeds a dangling port will be removed. ;
+------+--------+----------+-------------------------------------------------------------------------------------+


+-------------------------------------------------------------------------------------------------------------------+
; Port Connectivity Checks: "celula:CEL04"                                                                          ;
+---------+--------+----------+-------------------------------------------------------------------------------------+
; Port    ; Type   ; Severity ; Details                                                                             ;
+---------+--------+----------+-------------------------------------------------------------------------------------+
; p[1..0] ; Input  ; Info     ; Stuck at GND                                                                        ;
; p[3]    ; Input  ; Info     ; Stuck at GND                                                                        ;
; p[2]    ; Input  ; Info     ; Stuck at VCC                                                                        ;
; m       ; Output ; Info     ; Connected to dangling logic. Logic that only feeds a dangling port will be removed. ;
+---------+--------+----------+-------------------------------------------------------------------------------------+


+-------------------------------------------------------------------------------------------------------------------+
; Port Connectivity Checks: "celula:CEL03"                                                                          ;
+---------+--------+----------+-------------------------------------------------------------------------------------+
; Port    ; Type   ; Severity ; Details                                                                             ;
+---------+--------+----------+-------------------------------------------------------------------------------------+
; p[1..0] ; Input  ; Info     ; Stuck at VCC                                                                        ;
; p[3..2] ; Input  ; Info     ; Stuck at GND                                                                        ;
; m       ; Output ; Info     ; Connected to dangling logic. Logic that only feeds a dangling port will be removed. ;
+---------+--------+----------+-------------------------------------------------------------------------------------+


+-------------------------------------------------------------------------------------------------------------------+
; Port Connectivity Checks: "celula:CEL02"                                                                          ;
+---------+--------+----------+-------------------------------------------------------------------------------------+
; Port    ; Type   ; Severity ; Details                                                                             ;
+---------+--------+----------+-------------------------------------------------------------------------------------+
; p[3..2] ; Input  ; Info     ; Stuck at GND                                                                        ;
; p[1]    ; Input  ; Info     ; Stuck at VCC                                                                        ;
; p[0]    ; Input  ; Info     ; Stuck at GND                                                                        ;
; m       ; Output ; Info     ; Connected to dangling logic. Logic that only feeds a dangling port will be removed. ;
+---------+--------+----------+-------------------------------------------------------------------------------------+


+-------------------------------------------------------------------------------------------------------------------+
; Port Connectivity Checks: "celula:CEL01"                                                                          ;
+---------+--------+----------+-------------------------------------------------------------------------------------+
; Port    ; Type   ; Severity ; Details                                                                             ;
+---------+--------+----------+-------------------------------------------------------------------------------------+
; p[3..1] ; Input  ; Info     ; Stuck at GND                                                                        ;
; p[0]    ; Input  ; Info     ; Stuck at VCC                                                                        ;
; m       ; Output ; Info     ; Connected to dangling logic. Logic that only feeds a dangling port will be removed. ;
+---------+--------+----------+-------------------------------------------------------------------------------------+


+------------------------------------------------------------------------------------------------------------------+
; Port Connectivity Checks: "celula:CEL00|flipFlopJK2:\FOR01:7:cont1"                                              ;
+--------+--------+----------+-------------------------------------------------------------------------------------+
; Port   ; Type   ; Severity ; Details                                                                             ;
+--------+--------+----------+-------------------------------------------------------------------------------------+
; preset ; Input  ; Info     ; Stuck at VCC                                                                        ;
; clear  ; Input  ; Info     ; Stuck at VCC                                                                        ;
; qbar   ; Output ; Info     ; Connected to dangling logic. Logic that only feeds a dangling port will be removed. ;
+--------+--------+----------+-------------------------------------------------------------------------------------+


+------------------------------------------------------------------------------------------------------------------+
; Port Connectivity Checks: "celula:CEL00|flipFlopJK2:\FOR01:6:cont1"                                              ;
+--------+--------+----------+-------------------------------------------------------------------------------------+
; Port   ; Type   ; Severity ; Details                                                                             ;
+--------+--------+----------+-------------------------------------------------------------------------------------+
; preset ; Input  ; Info     ; Stuck at VCC                                                                        ;
; clear  ; Input  ; Info     ; Stuck at VCC                                                                        ;
; qbar   ; Output ; Info     ; Connected to dangling logic. Logic that only feeds a dangling port will be removed. ;
+--------+--------+----------+-------------------------------------------------------------------------------------+


+------------------------------------------------------------------------------------------------------------------+
; Port Connectivity Checks: "celula:CEL00|flipFlopJK2:\FOR01:5:cont1"                                              ;
+--------+--------+----------+-------------------------------------------------------------------------------------+
; Port   ; Type   ; Severity ; Details                                                                             ;
+--------+--------+----------+-------------------------------------------------------------------------------------+
; preset ; Input  ; Info     ; Stuck at VCC                                                                        ;
; clear  ; Input  ; Info     ; Stuck at VCC                                                                        ;
; qbar   ; Output ; Info     ; Connected to dangling logic. Logic that only feeds a dangling port will be removed. ;
+--------+--------+----------+-------------------------------------------------------------------------------------+


+------------------------------------------------------------------------------------------------------------------+
; Port Connectivity Checks: "celula:CEL00|flipFlopJK2:\FOR01:4:cont1"                                              ;
+--------+--------+----------+-------------------------------------------------------------------------------------+
; Port   ; Type   ; Severity ; Details                                                                             ;
+--------+--------+----------+-------------------------------------------------------------------------------------+
; preset ; Input  ; Info     ; Stuck at VCC                                                                        ;
; clear  ; Input  ; Info     ; Stuck at VCC                                                                        ;
; qbar   ; Output ; Info     ; Connected to dangling logic. Logic that only feeds a dangling port will be removed. ;
+--------+--------+----------+-------------------------------------------------------------------------------------+


+------------------------------------------------------------------------------------------------------------------+
; Port Connectivity Checks: "celula:CEL00|flipFlopJK2:\FOR01:3:cont1"                                              ;
+--------+--------+----------+-------------------------------------------------------------------------------------+
; Port   ; Type   ; Severity ; Details                                                                             ;
+--------+--------+----------+-------------------------------------------------------------------------------------+
; preset ; Input  ; Info     ; Stuck at VCC                                                                        ;
; clear  ; Input  ; Info     ; Stuck at VCC                                                                        ;
; qbar   ; Output ; Info     ; Connected to dangling logic. Logic that only feeds a dangling port will be removed. ;
+--------+--------+----------+-------------------------------------------------------------------------------------+


+------------------------------------------------------------------------------------------------------------------+
; Port Connectivity Checks: "celula:CEL00|flipFlopJK2:\FOR01:2:cont1"                                              ;
+--------+--------+----------+-------------------------------------------------------------------------------------+
; Port   ; Type   ; Severity ; Details                                                                             ;
+--------+--------+----------+-------------------------------------------------------------------------------------+
; preset ; Input  ; Info     ; Stuck at VCC                                                                        ;
; clear  ; Input  ; Info     ; Stuck at VCC                                                                        ;
; qbar   ; Output ; Info     ; Connected to dangling logic. Logic that only feeds a dangling port will be removed. ;
+--------+--------+----------+-------------------------------------------------------------------------------------+


+------------------------------------------------------------------------------------------------------------------+
; Port Connectivity Checks: "celula:CEL00|flipFlopJK2:\FOR01:1:cont1"                                              ;
+--------+--------+----------+-------------------------------------------------------------------------------------+
; Port   ; Type   ; Severity ; Details                                                                             ;
+--------+--------+----------+-------------------------------------------------------------------------------------+
; preset ; Input  ; Info     ; Stuck at VCC                                                                        ;
; clear  ; Input  ; Info     ; Stuck at VCC                                                                        ;
; qbar   ; Output ; Info     ; Connected to dangling logic. Logic that only feeds a dangling port will be removed. ;
+--------+--------+----------+-------------------------------------------------------------------------------------+


+------------------------------------------------------------------------------------------------------------------+
; Port Connectivity Checks: "celula:CEL00|flipFlopJK2:\FOR01:0:cont1"                                              ;
+--------+--------+----------+-------------------------------------------------------------------------------------+
; Port   ; Type   ; Severity ; Details                                                                             ;
+--------+--------+----------+-------------------------------------------------------------------------------------+
; preset ; Input  ; Info     ; Stuck at VCC                                                                        ;
; clear  ; Input  ; Info     ; Stuck at VCC                                                                        ;
; qbar   ; Output ; Info     ; Connected to dangling logic. Logic that only feeds a dangling port will be removed. ;
+--------+--------+----------+-------------------------------------------------------------------------------------+


+----------------------------------------------------------------------------------------------------------------+
; Port Connectivity Checks: "celula:CEL00"                                                                       ;
+------+--------+----------+-------------------------------------------------------------------------------------+
; Port ; Type   ; Severity ; Details                                                                             ;
+------+--------+----------+-------------------------------------------------------------------------------------+
; p    ; Input  ; Info     ; Stuck at GND                                                                        ;
; m    ; Output ; Info     ; Connected to dangling logic. Logic that only feeds a dangling port will be removed. ;
+------+--------+----------+-------------------------------------------------------------------------------------+


+-------------------------------+
; Elapsed Time Per Partition    ;
+----------------+--------------+
; Partition Name ; Elapsed Time ;
+----------------+--------------+
; Top            ; 00:00:00     ;
+----------------+--------------+


+-------------------------------+
; Analysis & Synthesis Messages ;
+-------------------------------+
Info: *******************************************************************
Info: Running Quartus II 64-Bit Analysis & Synthesis
    Info: Version 13.0.0 Build 156 04/24/2013 SJ Web Edition
    Info: Processing started: Thu Jun 27 19:20:28 2019
Info: Command: quartus_map --read_settings_files=on --write_settings_files=off MEM -c MEM
Warning (20028): Parallel compilation is not licensed and has been disabled
Info (12021): Found 2 design units, including 1 entities, in source file memoria.vhd
    Info (12022): Found design unit 1: memoria-archMemoria
    Info (12023): Found entity 1: memoria
Info (12021): Found 2 design units, including 1 entities, in source file celula.vhd
    Info (12022): Found design unit 1: celula-archCelula
    Info (12023): Found entity 1: celula
Info (12021): Found 2 design units, including 1 entities, in source file flipflopjk2.vhd
    Info (12022): Found design unit 1: flipFlopJK2-flipFlopArch
    Info (12023): Found entity 1: flipFlopJK2
Info (12127): Elaborating entity "memoria" for the top level hierarchy
Info (12128): Elaborating entity "celula" for hierarchy "celula:CEL00"
Info (12128): Elaborating entity "flipFlopJK2" for hierarchy "celula:CEL00|flipFlopJK2:\FOR01:0:cont1"
Info (16010): Generating hard_block partition "hard_block:auto_generated_inst"
    Info (16011): Adding 0 node(s), including 0 DDIO, 0 PLL, 0 transceiver and 0 LCELL
Warning (21074): Design contains 4 input pin(s) that do not drive logic
    Warning (15610): No output dependent on input pin "rem_end[4]"
    Warning (15610): No output dependent on input pin "rem_end[5]"
    Warning (15610): No output dependent on input pin "rem_end[6]"
    Warning (15610): No output dependent on input pin "rem_end[7]"
Info (21057): Implemented 402 device resources after synthesis - the final resource count might be different
    Info (21058): Implemented 18 input pins
    Info (21059): Implemented 8 output pins
    Info (21061): Implemented 376 logic cells
Info: Quartus II 64-Bit Analysis & Synthesis was successful. 0 errors, 6 warnings
    Info: Peak virtual memory: 4664 megabytes
    Info: Processing ended: Thu Jun 27 19:20:31 2019
    Info: Elapsed time: 00:00:03
    Info: Total CPU time (on all processors): 00:00:02


